Archive member included to satisfy reference by file (symbol)

f:/program files/atmel/studio/7.0/toolchain/avr8/avr8-gnu-toolchain/bin/../lib/gcc/avr/5.4.0/avr51\libgcc.a(_divmodhi4.o)
                              LCD.o (__divmodhi4)
f:/program files/atmel/studio/7.0/toolchain/avr8/avr8-gnu-toolchain/bin/../lib/gcc/avr/5.4.0/avr51\libgcc.a(_exit.o)
                              F:/Program Files/Atmel/Studio/7.0/Packs/Atmel/ATmega_DFP/1.4.346/gcc/dev/at90usb1287/avr51/crtat90usb1287.o (exit)
f:/program files/atmel/studio/7.0/toolchain/avr8/avr8-gnu-toolchain/bin/../lib/gcc/avr/5.4.0/avr51\libgcc.a(_copy_data.o)
                              main.o (__do_copy_data)
f:/program files/atmel/studio/7.0/toolchain/avr8/avr8-gnu-toolchain/bin/../lib/gcc/avr/5.4.0/avr51\libgcc.a(_clear_bss.o)
                              main.o (__do_clear_bss)
f:/program files/atmel/studio/7.0/toolchain/avr8/avr8-gnu-toolchain/bin/../lib/gcc/avr/5.4.0/avr51\libgcc.a(_udivmodhi4.o)
                              f:/program files/atmel/studio/7.0/toolchain/avr8/avr8-gnu-toolchain/bin/../lib/gcc/avr/5.4.0/avr51\libgcc.a(_divmodhi4.o) (__udivmodhi4)
f:/program files/atmel/studio/7.0/toolchain/avr8/avr8-gnu-toolchain/bin/../lib/gcc/avr/5.4.0/../../../../avr/lib/avr51\libc.a(malloc.o)
                              LinkedQueue.o (malloc)

Allocating common symbols
Common symbol       size              file

ADC_result          0x2               main.o
__brkval            0x2               f:/program files/atmel/studio/7.0/toolchain/avr8/avr8-gnu-toolchain/bin/../lib/gcc/avr/5.4.0/../../../../avr/lib/avr51\libc.a(malloc.o)
new_ADC_result      0x2               main.o
__flp               0x2               f:/program files/atmel/studio/7.0/toolchain/avr8/avr8-gnu-toolchain/bin/../lib/gcc/avr/5.4.0/../../../../avr/lib/avr51\libc.a(malloc.o)

Discarded input sections

 .data          0x00000000        0x0 F:/Program Files/Atmel/Studio/7.0/Packs/Atmel/ATmega_DFP/1.4.346/gcc/dev/at90usb1287/avr51/crtat90usb1287.o
 .bss           0x00000000        0x0 F:/Program Files/Atmel/Studio/7.0/Packs/Atmel/ATmega_DFP/1.4.346/gcc/dev/at90usb1287/avr51/crtat90usb1287.o
 .text          0x00000000        0x0 LCD.o
 .data          0x00000000        0x0 LCD.o
 .bss           0x00000000        0x0 LCD.o
 .text          0x00000000        0x0 LinkedQueue.o
 .data          0x00000000        0x0 LinkedQueue.o
 .bss           0x00000000        0x0 LinkedQueue.o
 .text.clearQueue
                0x00000000       0x3a LinkedQueue.o
 .text          0x00000000        0x0 main.o
 .data          0x00000000        0x0 main.o
 .bss           0x00000000        0x0 main.o
 .text.waitToStart
                0x00000000        0xa main.o
 .text.setDCMotorSpeed
                0x00000000        0x4 main.o
 .text.updateDCMotorState
                0x00000000       0x12 main.o
 .text          0x00000000        0x0 f:/program files/atmel/studio/7.0/toolchain/avr8/avr8-gnu-toolchain/bin/../lib/gcc/avr/5.4.0/avr51\libgcc.a(_divmodhi4.o)
 .data          0x00000000        0x0 f:/program files/atmel/studio/7.0/toolchain/avr8/avr8-gnu-toolchain/bin/../lib/gcc/avr/5.4.0/avr51\libgcc.a(_divmodhi4.o)
 .bss           0x00000000        0x0 f:/program files/atmel/studio/7.0/toolchain/avr8/avr8-gnu-toolchain/bin/../lib/gcc/avr/5.4.0/avr51\libgcc.a(_divmodhi4.o)
 .text.libgcc.mul
                0x00000000        0x0 f:/program files/atmel/studio/7.0/toolchain/avr8/avr8-gnu-toolchain/bin/../lib/gcc/avr/5.4.0/avr51\libgcc.a(_divmodhi4.o)
 .text.libgcc   0x00000000        0x0 f:/program files/atmel/studio/7.0/toolchain/avr8/avr8-gnu-toolchain/bin/../lib/gcc/avr/5.4.0/avr51\libgcc.a(_divmodhi4.o)
 .text.libgcc.prologue
                0x00000000        0x0 f:/program files/atmel/studio/7.0/toolchain/avr8/avr8-gnu-toolchain/bin/../lib/gcc/avr/5.4.0/avr51\libgcc.a(_divmodhi4.o)
 .text.libgcc.builtins
                0x00000000        0x0 f:/program files/atmel/studio/7.0/toolchain/avr8/avr8-gnu-toolchain/bin/../lib/gcc/avr/5.4.0/avr51\libgcc.a(_divmodhi4.o)
 .text.libgcc.fmul
                0x00000000        0x0 f:/program files/atmel/studio/7.0/toolchain/avr8/avr8-gnu-toolchain/bin/../lib/gcc/avr/5.4.0/avr51\libgcc.a(_divmodhi4.o)
 .text.libgcc.fixed
                0x00000000        0x0 f:/program files/atmel/studio/7.0/toolchain/avr8/avr8-gnu-toolchain/bin/../lib/gcc/avr/5.4.0/avr51\libgcc.a(_divmodhi4.o)
 .text          0x00000000        0x0 f:/program files/atmel/studio/7.0/toolchain/avr8/avr8-gnu-toolchain/bin/../lib/gcc/avr/5.4.0/avr51\libgcc.a(_exit.o)
 .data          0x00000000        0x0 f:/program files/atmel/studio/7.0/toolchain/avr8/avr8-gnu-toolchain/bin/../lib/gcc/avr/5.4.0/avr51\libgcc.a(_exit.o)
 .bss           0x00000000        0x0 f:/program files/atmel/studio/7.0/toolchain/avr8/avr8-gnu-toolchain/bin/../lib/gcc/avr/5.4.0/avr51\libgcc.a(_exit.o)
 .text.libgcc.mul
                0x00000000        0x0 f:/program files/atmel/studio/7.0/toolchain/avr8/avr8-gnu-toolchain/bin/../lib/gcc/avr/5.4.0/avr51\libgcc.a(_exit.o)
 .text.libgcc.div
                0x00000000        0x0 f:/program files/atmel/studio/7.0/toolchain/avr8/avr8-gnu-toolchain/bin/../lib/gcc/avr/5.4.0/avr51\libgcc.a(_exit.o)
 .text.libgcc   0x00000000        0x0 f:/program files/atmel/studio/7.0/toolchain/avr8/avr8-gnu-toolchain/bin/../lib/gcc/avr/5.4.0/avr51\libgcc.a(_exit.o)
 .text.libgcc.prologue
                0x00000000        0x0 f:/program files/atmel/studio/7.0/toolchain/avr8/avr8-gnu-toolchain/bin/../lib/gcc/avr/5.4.0/avr51\libgcc.a(_exit.o)
 .text.libgcc.builtins
                0x00000000        0x0 f:/program files/atmel/studio/7.0/toolchain/avr8/avr8-gnu-toolchain/bin/../lib/gcc/avr/5.4.0/avr51\libgcc.a(_exit.o)
 .text.libgcc.fmul
                0x00000000        0x0 f:/program files/atmel/studio/7.0/toolchain/avr8/avr8-gnu-toolchain/bin/../lib/gcc/avr/5.4.0/avr51\libgcc.a(_exit.o)
 .text.libgcc.fixed
                0x00000000        0x0 f:/program files/atmel/studio/7.0/toolchain/avr8/avr8-gnu-toolchain/bin/../lib/gcc/avr/5.4.0/avr51\libgcc.a(_exit.o)
 .text          0x00000000        0x0 f:/program files/atmel/studio/7.0/toolchain/avr8/avr8-gnu-toolchain/bin/../lib/gcc/avr/5.4.0/avr51\libgcc.a(_copy_data.o)
 .data          0x00000000        0x0 f:/program files/atmel/studio/7.0/toolchain/avr8/avr8-gnu-toolchain/bin/../lib/gcc/avr/5.4.0/avr51\libgcc.a(_copy_data.o)
 .bss           0x00000000        0x0 f:/program files/atmel/studio/7.0/toolchain/avr8/avr8-gnu-toolchain/bin/../lib/gcc/avr/5.4.0/avr51\libgcc.a(_copy_data.o)
 .text.libgcc.mul
                0x00000000        0x0 f:/program files/atmel/studio/7.0/toolchain/avr8/avr8-gnu-toolchain/bin/../lib/gcc/avr/5.4.0/avr51\libgcc.a(_copy_data.o)
 .text.libgcc.div
                0x00000000        0x0 f:/program files/atmel/studio/7.0/toolchain/avr8/avr8-gnu-toolchain/bin/../lib/gcc/avr/5.4.0/avr51\libgcc.a(_copy_data.o)
 .text.libgcc   0x00000000        0x0 f:/program files/atmel/studio/7.0/toolchain/avr8/avr8-gnu-toolchain/bin/../lib/gcc/avr/5.4.0/avr51\libgcc.a(_copy_data.o)
 .text.libgcc.prologue
                0x00000000        0x0 f:/program files/atmel/studio/7.0/toolchain/avr8/avr8-gnu-toolchain/bin/../lib/gcc/avr/5.4.0/avr51\libgcc.a(_copy_data.o)
 .text.libgcc.builtins
                0x00000000        0x0 f:/program files/atmel/studio/7.0/toolchain/avr8/avr8-gnu-toolchain/bin/../lib/gcc/avr/5.4.0/avr51\libgcc.a(_copy_data.o)
 .text.libgcc.fmul
                0x00000000        0x0 f:/program files/atmel/studio/7.0/toolchain/avr8/avr8-gnu-toolchain/bin/../lib/gcc/avr/5.4.0/avr51\libgcc.a(_copy_data.o)
 .text.libgcc.fixed
                0x00000000        0x0 f:/program files/atmel/studio/7.0/toolchain/avr8/avr8-gnu-toolchain/bin/../lib/gcc/avr/5.4.0/avr51\libgcc.a(_copy_data.o)
 .text          0x00000000        0x0 f:/program files/atmel/studio/7.0/toolchain/avr8/avr8-gnu-toolchain/bin/../lib/gcc/avr/5.4.0/avr51\libgcc.a(_clear_bss.o)
 .data          0x00000000        0x0 f:/program files/atmel/studio/7.0/toolchain/avr8/avr8-gnu-toolchain/bin/../lib/gcc/avr/5.4.0/avr51\libgcc.a(_clear_bss.o)
 .bss           0x00000000        0x0 f:/program files/atmel/studio/7.0/toolchain/avr8/avr8-gnu-toolchain/bin/../lib/gcc/avr/5.4.0/avr51\libgcc.a(_clear_bss.o)
 .text.libgcc.mul
                0x00000000        0x0 f:/program files/atmel/studio/7.0/toolchain/avr8/avr8-gnu-toolchain/bin/../lib/gcc/avr/5.4.0/avr51\libgcc.a(_clear_bss.o)
 .text.libgcc.div
                0x00000000        0x0 f:/program files/atmel/studio/7.0/toolchain/avr8/avr8-gnu-toolchain/bin/../lib/gcc/avr/5.4.0/avr51\libgcc.a(_clear_bss.o)
 .text.libgcc   0x00000000        0x0 f:/program files/atmel/studio/7.0/toolchain/avr8/avr8-gnu-toolchain/bin/../lib/gcc/avr/5.4.0/avr51\libgcc.a(_clear_bss.o)
 .text.libgcc.prologue
                0x00000000        0x0 f:/program files/atmel/studio/7.0/toolchain/avr8/avr8-gnu-toolchain/bin/../lib/gcc/avr/5.4.0/avr51\libgcc.a(_clear_bss.o)
 .text.libgcc.builtins
                0x00000000        0x0 f:/program files/atmel/studio/7.0/toolchain/avr8/avr8-gnu-toolchain/bin/../lib/gcc/avr/5.4.0/avr51\libgcc.a(_clear_bss.o)
 .text.libgcc.fmul
                0x00000000        0x0 f:/program files/atmel/studio/7.0/toolchain/avr8/avr8-gnu-toolchain/bin/../lib/gcc/avr/5.4.0/avr51\libgcc.a(_clear_bss.o)
 .text.libgcc.fixed
                0x00000000        0x0 f:/program files/atmel/studio/7.0/toolchain/avr8/avr8-gnu-toolchain/bin/../lib/gcc/avr/5.4.0/avr51\libgcc.a(_clear_bss.o)
 .text          0x00000000        0x0 f:/program files/atmel/studio/7.0/toolchain/avr8/avr8-gnu-toolchain/bin/../lib/gcc/avr/5.4.0/avr51\libgcc.a(_udivmodhi4.o)
 .data          0x00000000        0x0 f:/program files/atmel/studio/7.0/toolchain/avr8/avr8-gnu-toolchain/bin/../lib/gcc/avr/5.4.0/avr51\libgcc.a(_udivmodhi4.o)
 .bss           0x00000000        0x0 f:/program files/atmel/studio/7.0/toolchain/avr8/avr8-gnu-toolchain/bin/../lib/gcc/avr/5.4.0/avr51\libgcc.a(_udivmodhi4.o)
 .text.libgcc.mul
                0x00000000        0x0 f:/program files/atmel/studio/7.0/toolchain/avr8/avr8-gnu-toolchain/bin/../lib/gcc/avr/5.4.0/avr51\libgcc.a(_udivmodhi4.o)
 .text.libgcc   0x00000000        0x0 f:/program files/atmel/studio/7.0/toolchain/avr8/avr8-gnu-toolchain/bin/../lib/gcc/avr/5.4.0/avr51\libgcc.a(_udivmodhi4.o)
 .text.libgcc.prologue
                0x00000000        0x0 f:/program files/atmel/studio/7.0/toolchain/avr8/avr8-gnu-toolchain/bin/../lib/gcc/avr/5.4.0/avr51\libgcc.a(_udivmodhi4.o)
 .text.libgcc.builtins
                0x00000000        0x0 f:/program files/atmel/studio/7.0/toolchain/avr8/avr8-gnu-toolchain/bin/../lib/gcc/avr/5.4.0/avr51\libgcc.a(_udivmodhi4.o)
 .text.libgcc.fmul
                0x00000000        0x0 f:/program files/atmel/studio/7.0/toolchain/avr8/avr8-gnu-toolchain/bin/../lib/gcc/avr/5.4.0/avr51\libgcc.a(_udivmodhi4.o)
 .text.libgcc.fixed
                0x00000000        0x0 f:/program files/atmel/studio/7.0/toolchain/avr8/avr8-gnu-toolchain/bin/../lib/gcc/avr/5.4.0/avr51\libgcc.a(_udivmodhi4.o)
 .text          0x00000000        0x0 f:/program files/atmel/studio/7.0/toolchain/avr8/avr8-gnu-toolchain/bin/../lib/gcc/avr/5.4.0/../../../../avr/lib/avr51\libc.a(malloc.o)
 .bss           0x00000000        0x0 f:/program files/atmel/studio/7.0/toolchain/avr8/avr8-gnu-toolchain/bin/../lib/gcc/avr/5.4.0/../../../../avr/lib/avr51\libc.a(malloc.o)

Memory Configuration

Name             Origin             Length             Attributes
text             0x00000000         0x00020000         xr
data             0x00800100         0x00002000         rw !x
eeprom           0x00810000         0x00001000         rw !x
fuse             0x00820000         0x00000003         rw !x
lock             0x00830000         0x00000400         rw !x
signature        0x00840000         0x00000400         rw !x
user_signatures  0x00850000         0x00000400         rw !x
*default*        0x00000000         0xffffffff

Linker script and memory map

Address of section .data set to 0x800100
LOAD F:/Program Files/Atmel/Studio/7.0/Packs/Atmel/ATmega_DFP/1.4.346/gcc/dev/at90usb1287/avr51/crtat90usb1287.o
LOAD LCD.o
LOAD LinkedQueue.o
LOAD main.o
START GROUP
LOAD f:/program files/atmel/studio/7.0/toolchain/avr8/avr8-gnu-toolchain/bin/../lib/gcc/avr/5.4.0/../../../../avr/lib/avr51\libm.a
END GROUP
START GROUP
LOAD f:/program files/atmel/studio/7.0/toolchain/avr8/avr8-gnu-toolchain/bin/../lib/gcc/avr/5.4.0/avr51\libgcc.a
LOAD f:/program files/atmel/studio/7.0/toolchain/avr8/avr8-gnu-toolchain/bin/../lib/gcc/avr/5.4.0/../../../../avr/lib/avr51\libm.a
LOAD f:/program files/atmel/studio/7.0/toolchain/avr8/avr8-gnu-toolchain/bin/../lib/gcc/avr/5.4.0/../../../../avr/lib/avr51\libc.a
LOAD F:/Program Files/Atmel/Studio/7.0/Packs/Atmel/ATmega_DFP/1.4.346/gcc/dev/at90usb1287/avr51\libat90usb1287.a
END GROUP
                [0x00020000]                __TEXT_REGION_LENGTH__ = DEFINED (__TEXT_REGION_LENGTH__)?__TEXT_REGION_LENGTH__:0x20000
                [0x00002000]                __DATA_REGION_LENGTH__ = DEFINED (__DATA_REGION_LENGTH__)?__DATA_REGION_LENGTH__:0xff00
                [0x00001000]                __EEPROM_REGION_LENGTH__ = DEFINED (__EEPROM_REGION_LENGTH__)?__EEPROM_REGION_LENGTH__:0x10000
                [0x00000003]                __FUSE_REGION_LENGTH__ = DEFINED (__FUSE_REGION_LENGTH__)?__FUSE_REGION_LENGTH__:0x400
                0x00000400                __LOCK_REGION_LENGTH__ = DEFINED (__LOCK_REGION_LENGTH__)?__LOCK_REGION_LENGTH__:0x400
                0x00000400                __SIGNATURE_REGION_LENGTH__ = DEFINED (__SIGNATURE_REGION_LENGTH__)?__SIGNATURE_REGION_LENGTH__:0x400
                0x00000400                __USER_SIGNATURE_REGION_LENGTH__ = DEFINED (__USER_SIGNATURE_REGION_LENGTH__)?__USER_SIGNATURE_REGION_LENGTH__:0x400

.hash
 *(.hash)

.dynsym
 *(.dynsym)

.dynstr
 *(.dynstr)

.gnu.version
 *(.gnu.version)

.gnu.version_d
 *(.gnu.version_d)

.gnu.version_r
 *(.gnu.version_r)

.rel.init
 *(.rel.init)

.rela.init
 *(.rela.init)

.rel.text
 *(.rel.text)
 *(.rel.text.*)
 *(.rel.gnu.linkonce.t*)

.rela.text
 *(.rela.text)
 *(.rela.text.*)
 *(.rela.gnu.linkonce.t*)

.rel.fini
 *(.rel.fini)

.rela.fini
 *(.rela.fini)

.rel.rodata
 *(.rel.rodata)
 *(.rel.rodata.*)
 *(.rel.gnu.linkonce.r*)

.rela.rodata
 *(.rela.rodata)
 *(.rela.rodata.*)
 *(.rela.gnu.linkonce.r*)

.rel.data
 *(.rel.data)
 *(.rel.data.*)
 *(.rel.gnu.linkonce.d*)

.rela.data
 *(.rela.data)
 *(.rela.data.*)
 *(.rela.gnu.linkonce.d*)

.rel.ctors
 *(.rel.ctors)

.rela.ctors
 *(.rela.ctors)

.rel.dtors
 *(.rel.dtors)

.rela.dtors
 *(.rela.dtors)

.rel.got
 *(.rel.got)

.rela.got
 *(.rela.got)

.rel.bss
 *(.rel.bss)

.rela.bss
 *(.rela.bss)

.rel.plt
 *(.rel.plt)

.rela.plt
 *(.rela.plt)

.text           0x00000000      0xcce
 *(.vectors)
 .vectors       0x00000000       0x98 F:/Program Files/Atmel/Studio/7.0/Packs/Atmel/ATmega_DFP/1.4.346/gcc/dev/at90usb1287/avr51/crtat90usb1287.o
                0x00000000                __vectors
 *(.vectors)
 *(.progmem.gcc*)
                0x00000098                . = ALIGN (0x2)
                0x00000098                __trampolines_start = .
 *(.trampolines)
 .trampolines   0x00000098        0x0 linker stubs
 *(.trampolines*)
                0x00000098                __trampolines_end = .
 *libprintf_flt.a:*(.progmem.data)
 *libc.a:*(.progmem.data)
 *(.progmem*)
                0x00000098                . = ALIGN (0x2)
 *(.jumptables)
 *(.jumptables*)
 *(.lowtext)
 *(.lowtext*)
                0x00000098                __ctors_start = .
 *(.ctors)
                0x00000098                __ctors_end = .
                0x00000098                __dtors_start = .
 *(.dtors)
                0x00000098                __dtors_end = .
 SORT(*)(.ctors)
 SORT(*)(.dtors)
 *(.init0)
 .init0         0x00000098        0x0 F:/Program Files/Atmel/Studio/7.0/Packs/Atmel/ATmega_DFP/1.4.346/gcc/dev/at90usb1287/avr51/crtat90usb1287.o
                0x00000098                __init
 *(.init0)
 *(.init1)
 *(.init1)
 *(.init2)
 .init2         0x00000098        0xc F:/Program Files/Atmel/Studio/7.0/Packs/Atmel/ATmega_DFP/1.4.346/gcc/dev/at90usb1287/avr51/crtat90usb1287.o
 *(.init2)
 *(.init3)
 *(.init3)
 *(.init4)
 .init4         0x000000a4       0x1a f:/program files/atmel/studio/7.0/toolchain/avr8/avr8-gnu-toolchain/bin/../lib/gcc/avr/5.4.0/avr51\libgcc.a(_copy_data.o)
                0x000000a4                __do_copy_data
 .init4         0x000000be       0x10 f:/program files/atmel/studio/7.0/toolchain/avr8/avr8-gnu-toolchain/bin/../lib/gcc/avr/5.4.0/avr51\libgcc.a(_clear_bss.o)
                0x000000be                __do_clear_bss
 *(.init4)
 *(.init5)
 *(.init5)
 *(.init6)
 *(.init6)
 *(.init7)
 *(.init7)
 *(.init8)
 *(.init8)
 *(.init9)
 .init9         0x000000ce        0x4 F:/Program Files/Atmel/Studio/7.0/Packs/Atmel/ATmega_DFP/1.4.346/gcc/dev/at90usb1287/avr51/crtat90usb1287.o
 *(.init9)
 *(.text)
 .text          0x000000d2        0x2 F:/Program Files/Atmel/Studio/7.0/Packs/Atmel/ATmega_DFP/1.4.346/gcc/dev/at90usb1287/avr51/crtat90usb1287.o
                0x000000d2                __vector_22
                0x000000d2                __vector_28
                0x000000d2                __vector_32
                0x000000d2                __vector_34
                0x000000d2                __vector_24
                0x000000d2                __vector_12
                0x000000d2                __bad_interrupt
                0x000000d2                __vector_6
                0x000000d2                __vector_31
                0x000000d2                __vector_35
                0x000000d2                __vector_3
                0x000000d2                __vector_23
                0x000000d2                __vector_30
                0x000000d2                __vector_25
                0x000000d2                __vector_11
                0x000000d2                __vector_13
                0x000000d2                __vector_17
                0x000000d2                __vector_19
                0x000000d2                __vector_7
                0x000000d2                __vector_27
                0x000000d2                __vector_33
                0x000000d2                __vector_37
                0x000000d2                __vector_9
                0x000000d2                __vector_21
                0x000000d2                __vector_15
                0x000000d2                __vector_36
                0x000000d2                __vector_8
                0x000000d2                __vector_26
                0x000000d2                __vector_14
                0x000000d2                __vector_10
                0x000000d2                __vector_16
                0x000000d2                __vector_18
                0x000000d2                __vector_20
                0x000000d4                . = ALIGN (0x2)
 *(.text.*)
 .text.LCDBusyLoop
                0x000000d4       0x36 LCD.o
                0x000000d4                LCDBusyLoop
 .text.LCDByte  0x0000010a       0x38 LCD.o
                0x0000010a                LCDByte
 .text.InitLCD  0x00000142       0x48 LCD.o
                0x00000142                InitLCD
 .text.LCDWriteString
                0x0000018a       0x1e LCD.o
                0x0000018a                LCDWriteString
 .text.LCDWriteInt
                0x000001a8       0xb8 LCD.o
                0x000001a8                LCDWriteInt
 .text.LCDGotoXY
                0x00000260       0x10 LCD.o
                0x00000260                LCDGotoXY
 .text.setup    0x00000270        0xe LinkedQueue.o
                0x00000270                setup
 .text.initLink
                0x0000027e       0x1c LinkedQueue.o
                0x0000027e                initLink
 .text.enqueue  0x0000029a       0x3c LinkedQueue.o
                0x0000029a                enqueue
 .text.dequeue  0x000002d6       0x2c LinkedQueue.o
                0x000002d6                dequeue
 .text.firstValue
                0x00000302        0xa LinkedQueue.o
                0x00000302                firstValue
 .text.isEmpty  0x0000030c       0x10 LinkedQueue.o
                0x0000030c                isEmpty
 .text.size     0x0000031c       0x22 LinkedQueue.o
                0x0000031c                size
 .text.setupADC
                0x0000033e       0x26 main.o
                0x0000033e                setupADC
 .text.initPWM  0x00000364       0x20 main.o
                0x00000364                initPWM
 .text.hwInterrupts
                0x00000384       0x2a main.o
                0x00000384                hwInterrupts
 .text.getMaterialType
                0x000003ae       0x2e main.o
                0x000003ae                getMaterialType
 .text.countSorted
                0x000003dc       0x6c main.o
                0x000003dc                countSorted
 .text.mTimer   0x00000448       0x40 main.o
                0x00000448                mTimer
 .text.displaySorted
                0x00000488       0xe0 main.o
                0x00000488                displaySorted
 .text.rotate   0x00000568       0xe8 main.o
                0x00000568                rotate
 .text.initStepperPos
                0x00000650       0x46 main.o
                0x00000650                initStepperPos
 .text.getMaterialName
                0x00000696       0x3a main.o
                0x00000696                getMaterialName
 .text.main     0x000006d0      0x20e main.o
                0x000006d0                main
 .text.__vector_1
                0x000008de       0x42 main.o
                0x000008de                __vector_1
 .text.__vector_2
                0x00000920       0x48 main.o
                0x00000920                __vector_2
 .text.__vector_4
                0x00000968       0x1e main.o
                0x00000968                __vector_4
 .text.__vector_5
                0x00000986       0x1e main.o
                0x00000986                __vector_5
 .text.__vector_29
                0x000009a4       0x78 main.o
                0x000009a4                __vector_29
 .text.__vector_default
                0x00000a1c       0x1e main.o
                0x00000a1c                __vector_default
 .text.libgcc.div
                0x00000a3a       0x26 f:/program files/atmel/studio/7.0/toolchain/avr8/avr8-gnu-toolchain/bin/../lib/gcc/avr/5.4.0/avr51\libgcc.a(_divmodhi4.o)
                0x00000a3a                _div
                0x00000a3a                __divmodhi4
 .text.libgcc.div
                0x00000a60       0x28 f:/program files/atmel/studio/7.0/toolchain/avr8/avr8-gnu-toolchain/bin/../lib/gcc/avr/5.4.0/avr51\libgcc.a(_udivmodhi4.o)
                0x00000a60                __udivmodhi4
 .text.avr-libc
                0x00000a88      0x242 f:/program files/atmel/studio/7.0/toolchain/avr8/avr8-gnu-toolchain/bin/../lib/gcc/avr/5.4.0/../../../../avr/lib/avr51\libc.a(malloc.o)
                0x00000a88                malloc
                0x00000bb8                free
                0x00000cca                . = ALIGN (0x2)
 *(.fini9)
 .fini9         0x00000cca        0x0 f:/program files/atmel/studio/7.0/toolchain/avr8/avr8-gnu-toolchain/bin/../lib/gcc/avr/5.4.0/avr51\libgcc.a(_exit.o)
                0x00000cca                _exit
                0x00000cca                exit
 *(.fini9)
 *(.fini8)
 *(.fini8)
 *(.fini7)
 *(.fini7)
 *(.fini6)
 *(.fini6)
 *(.fini5)
 *(.fini5)
 *(.fini4)
 *(.fini4)
 *(.fini3)
 *(.fini3)
 *(.fini2)
 *(.fini2)
 *(.fini1)
 *(.fini1)
 *(.fini0)
 .fini0         0x00000cca        0x4 f:/program files/atmel/studio/7.0/toolchain/avr8/avr8-gnu-toolchain/bin/../lib/gcc/avr/5.4.0/avr51\libgcc.a(_exit.o)
 *(.fini0)
                0x00000cce                _etext = .

.data           0x00800100       0x8e load address 0x00000cce
                0x00800100                PROVIDE (__data_start, .)
 *(.data)
 .data          0x00800100        0x6 f:/program files/atmel/studio/7.0/toolchain/avr8/avr8-gnu-toolchain/bin/../lib/gcc/avr/5.4.0/../../../../avr/lib/avr51\libc.a(malloc.o)
                0x00800100                __malloc_heap_end
                0x00800102                __malloc_heap_start
                0x00800104                __malloc_margin
 *(.data*)
 .data.stepperPauseTime
                0x00800106        0x2 main.o
                0x00800106                stepperPauseTime
 .data.speedDCMotor
                0x00800108        0x2 main.o
                0x00800108                speedDCMotor
 *(.gnu.linkonce.d*)
 *(.rodata)
 *(.rodata*)
 .rodata.str1.1
                0x0080010a       0x7c main.o
                                 0x7d (size before relaxing)
 .rodata.step_array.2011
                0x00800186        0x8 main.o
 *(.gnu.linkonce.r*)
                0x0080018e                . = ALIGN (0x2)
                0x0080018e                _edata = .
                0x0080018e                PROVIDE (__data_end, .)

.bss            0x0080018e       0x1c
                0x0080018e                PROVIDE (__bss_start, .)
 *(.bss)
 *(.bss*)
 .bss.numSteel  0x0080018e        0x2 main.o
                0x0080018e                numSteel
 .bss.numWhite  0x00800190        0x2 main.o
                0x00800190                numWhite
 .bss.numAlum   0x00800192        0x2 main.o
                0x00800192                numAlum
 .bss.numBlack  0x00800194        0x2 main.o
                0x00800194                numBlack
 .bss.itemsSorted
                0x00800196        0x2 main.o
                0x00800196                itemsSorted
 .bss.step      0x00800198        0x2 main.o
                0x00800198                step
 .bss.stepperPos
                0x0080019a        0x2 main.o
                0x0080019a                stepperPos
 .bss.stepperDestination
                0x0080019c        0x2 main.o
                0x0080019c                stepperDestination
 .bss.flagConveyorStopped
                0x0080019e        0x1 main.o
                0x0080019e                flagConveyorStopped
 .bss.flagRampDown
                0x0080019f        0x1 main.o
                0x0080019f                flagRampDown
 .bss.flagPause
                0x008001a0        0x1 main.o
                0x008001a0                flagPause
 .bss.flagProcessing
                0x008001a1        0x1 main.o
                0x008001a1                flagProcessing
 *(COMMON)
 COMMON         0x008001a2        0x4 main.o
                0x008001a2                ADC_result
                0x008001a4                new_ADC_result
 COMMON         0x008001a6        0x4 f:/program files/atmel/studio/7.0/toolchain/avr8/avr8-gnu-toolchain/bin/../lib/gcc/avr/5.4.0/../../../../avr/lib/avr51\libc.a(malloc.o)
                0x008001a6                __brkval
                0x008001a8                __flp
                0x008001aa                PROVIDE (__bss_end, .)
                0x00000cce                __data_load_start = LOADADDR (.data)
                0x00000d5c                __data_load_end = (__data_load_start + SIZEOF (.data))

.noinit         0x008001aa        0x0
                [!provide]                PROVIDE (__noinit_start, .)
 *(.noinit*)
                [!provide]                PROVIDE (__noinit_end, .)
                0x008001aa                _end = .
                0x008001aa                PROVIDE (__heap_start, .)

.eeprom         0x00810000        0x0
 *(.eeprom*)
                0x00810000                __eeprom_end = .

.fuse
 *(.fuse)
 *(.lfuse)
 *(.hfuse)
 *(.efuse)

.lock
 *(.lock*)

.signature
 *(.signature*)

.user_signatures
 *(.user_signatures*)

.stab
 *(.stab)

.stabstr
 *(.stabstr)

.stab.excl
 *(.stab.excl)

.stab.exclstr
 *(.stab.exclstr)

.stab.index
 *(.stab.index)

.stab.indexstr
 *(.stab.indexstr)

.comment        0x00000000       0x30
 *(.comment)
 .comment       0x00000000       0x30 LCD.o
                                 0x31 (size before relaxing)
 .comment       0x00000030       0x31 LinkedQueue.o
 .comment       0x00000030       0x31 main.o
 .comment       0x00000030       0x31 f:/program files/atmel/studio/7.0/toolchain/avr8/avr8-gnu-toolchain/bin/../lib/gcc/avr/5.4.0/../../../../avr/lib/avr51\libc.a(malloc.o)

.note.gnu.avr.deviceinfo
                0x00000000       0x40
 .note.gnu.avr.deviceinfo
                0x00000000       0x40 F:/Program Files/Atmel/Studio/7.0/Packs/Atmel/ATmega_DFP/1.4.346/gcc/dev/at90usb1287/avr51/crtat90usb1287.o

.note.gnu.build-id
 *(.note.gnu.build-id)

.debug
 *(.debug)

.line
 *(.line)

.debug_srcinfo
 *(.debug_srcinfo)

.debug_sfnames
 *(.debug_sfnames)

.debug_aranges  0x00000000      0x158
 *(.debug_aranges)
 .debug_aranges
                0x00000000       0x48 LCD.o
 .debug_aranges
                0x00000048       0x58 LinkedQueue.o
 .debug_aranges
                0x000000a0       0xb8 main.o

.debug_pubnames
 *(.debug_pubnames)

.debug_info     0x00000000     0x230c
 *(.debug_info .gnu.linkonce.wi.*)
 .debug_info    0x00000000      0xb70 F:/Program Files/Atmel/Studio/7.0/Packs/Atmel/ATmega_DFP/1.4.346/gcc/dev/at90usb1287/avr51/crtat90usb1287.o
 .debug_info    0x00000b70      0x6ac LCD.o
 .debug_info    0x0000121c      0x2f9 LinkedQueue.o
 .debug_info    0x00001515      0xdf7 main.o

.debug_abbrev   0x00000000     0x10d8
 *(.debug_abbrev)
 .debug_abbrev  0x00000000      0xad2 F:/Program Files/Atmel/Studio/7.0/Packs/Atmel/ATmega_DFP/1.4.346/gcc/dev/at90usb1287/avr51/crtat90usb1287.o
 .debug_abbrev  0x00000ad2      0x1e9 LCD.o
 .debug_abbrev  0x00000cbb      0x15a LinkedQueue.o
 .debug_abbrev  0x00000e15      0x2c3 main.o

.debug_line     0x00000000      0xe03
 *(.debug_line .debug_line.* .debug_line_end)
 .debug_line    0x00000000      0x17c F:/Program Files/Atmel/Studio/7.0/Packs/Atmel/ATmega_DFP/1.4.346/gcc/dev/at90usb1287/avr51/crtat90usb1287.o
 .debug_line    0x0000017c      0x3df LCD.o
 .debug_line    0x0000055b      0x1e2 LinkedQueue.o
 .debug_line    0x0000073d      0x6c6 main.o

.debug_frame    0x00000000      0x3a8
 *(.debug_frame)
 .debug_frame   0x00000000       0xac LCD.o
 .debug_frame   0x000000ac       0xb4 LinkedQueue.o
 .debug_frame   0x00000160      0x248 main.o

.debug_str      0x00000000      0x8dc
 *(.debug_str)
 .debug_str     0x00000000      0x3f7 F:/Program Files/Atmel/Studio/7.0/Packs/Atmel/ATmega_DFP/1.4.346/gcc/dev/at90usb1287/avr51/crtat90usb1287.o
 .debug_str     0x000003f7      0x225 LCD.o
                                0x25e (size before relaxing)
 .debug_str     0x0000061c       0x9a LinkedQueue.o
                                0x21b (size before relaxing)
 .debug_str     0x000006b6      0x226 main.o
                                0x45c (size before relaxing)

.debug_loc      0x00000000     0x100b
 *(.debug_loc)
 .debug_loc     0x00000000      0x695 LCD.o
 .debug_loc     0x00000695      0x278 LinkedQueue.o
 .debug_loc     0x0000090d      0x6fe main.o

.debug_macinfo
 *(.debug_macinfo)

.debug_weaknames
 *(.debug_weaknames)

.debug_funcnames
 *(.debug_funcnames)

.debug_typenames
 *(.debug_typenames)

.debug_varnames
 *(.debug_varnames)

.debug_pubtypes
 *(.debug_pubtypes)

.debug_ranges   0x00000000      0x128
 *(.debug_ranges)
 .debug_ranges  0x00000000       0x38 LCD.o
 .debug_ranges  0x00000038       0x48 LinkedQueue.o
 .debug_ranges  0x00000080       0xa8 main.o

.debug_macro
 *(.debug_macro)
OUTPUT(Project.elf elf32-avr)
LOAD linker stubs
